lib/prisma.ts(8,59): error TS2345: Argument of type '{}' is not assignable to parameter of type 'Subset<PrismaClientOptions, PrismaClientOptions>'.
lib/prisma.ts(10,44): error TS2322: Type 'PrismaClient | DynamicClientExtensionThis<TypeMap<InternalArgs & { result: {}; model: { $allModels: { aggregate: () => <This, FormalArgs extends _prisma_client_runtime_client.Args<This, "aggregate"> & PrismaCacheStrategy, const ActualArgs extends FormalArgs>(this: This, args: { [key in keyof ActualArgs]: key extends...' is not assignable to type 'PrismaClient'.
  Property '$on' is missing in type 'DynamicClientExtensionThis<TypeMap<InternalArgs & { result: {}; model: { $allModels: { aggregate: () => <This, FormalArgs extends _prisma_client_runtime_client.Args<This, "aggregate"> & PrismaCacheStrategy, const ActualArgs extends FormalArgs>(this: This, args: { [key in keyof ActualArgs]: key extends keyof FormalAr...' but required in type 'PrismaClient<never, GlobalOmitConfig, DefaultArgs>'.
